// Jest Snapshot v1, https://goo.gl/fbAQLP

exports[`HOME CONTAINER Should render snapshot without crashing 1`] = `
<div
  className="sc-gsDJrp hjRpwD"
/>
`;
